﻿  Determinando los proyectos que se van a restaurar...
  Todos los proyectos est├ín actualizados para la restauraci├│n.
C:\Users\anna2\Desktop\proyecto-1-db-2\ProyectoRestaurantes.Api\Services\ResenaService.cs(72,67): error CS0122: 'AggregateFluent<TInput, TResult>' no es accesible debido a su nivel de protecci├│n [C:\Users\anna2\Desktop\proyecto-1-db-2\ProyectoRestaurantes.Api\ProyectoRestaurantes.Api.csproj]
C:\Users\anna2\Desktop\proyecto-1-db-2\ProyectoRestaurantes.Api\Controllers\SeedController.cs(88,25): error CS0117: 'Direccion' no contiene una definici├│n para 'Direccion1' [C:\Users\anna2\Desktop\proyecto-1-db-2\ProyectoRestaurantes.Api\ProyectoRestaurantes.Api.csproj]
C:\Users\anna2\Desktop\proyecto-1-db-2\ProyectoRestaurantes.Api\Controllers\SeedController.cs(214,40): warning CS8601: Posible asignaci├│n de referencia nula. [C:\Users\anna2\Desktop\proyecto-1-db-2\ProyectoRestaurantes.Api\ProyectoRestaurantes.Api.csproj]

ERROR al compilar.

C:\Users\anna2\Desktop\proyecto-1-db-2\ProyectoRestaurantes.Api\Controllers\SeedController.cs(214,40): warning CS8601: Posible asignaci├│n de referencia nula. [C:\Users\anna2\Desktop\proyecto-1-db-2\ProyectoRestaurantes.Api\ProyectoRestaurantes.Api.csproj]
C:\Users\anna2\Desktop\proyecto-1-db-2\ProyectoRestaurantes.Api\Services\ResenaService.cs(72,67): error CS0122: 'AggregateFluent<TInput, TResult>' no es accesible debido a su nivel de protecci├│n [C:\Users\anna2\Desktop\proyecto-1-db-2\ProyectoRestaurantes.Api\ProyectoRestaurantes.Api.csproj]
C:\Users\anna2\Desktop\proyecto-1-db-2\ProyectoRestaurantes.Api\Controllers\SeedController.cs(88,25): error CS0117: 'Direccion' no contiene una definici├│n para 'Direccion1' [C:\Users\anna2\Desktop\proyecto-1-db-2\ProyectoRestaurantes.Api\ProyectoRestaurantes.Api.csproj]
    1 Advertencia(s)
    2 Errores

Tiempo transcurrido 00:00:00.74
